// Jest Snapshot v1, https://goo.gl/fbAQLP

exports[`renders a AddDrink by default 1`] = `
<BoozyError>
  <AddDrink__Title>
    Create A Drink
  </AddDrink__Title>
  <AddDrink__SubTitle>
    If none, leave the field blank
  </AddDrink__SubTitle>
  <div
    style={
      Object {
        "display": "flex",
        "justifyContent": "center",
      }
    }
  >
    <AddDrink__BoozyForm
      onSubmit={[Function]}
    >
      <div
        className="field"
      >
        <AddDrink__BoozyInput
          aria-label="Title"
          aria-required="true"
          id="title"
          maxLength="28"
          name="title-section"
          placeholder="Title..."
          required={true}
          type="text"
        />
      </div>
      <div
        className="field"
      >
        <AddDrink__BoozyInput
          aria-label="alcohol"
          aria-required="true"
          id="alcohol"
          maxLength="40"
          name="alcohol-section"
          placeholder="Alcohol..."
          required={true}
          type="text"
        />
      </div>
      <div
        className="field"
      >
        <AddDrink__BoozyInput
          aria-label="mixers"
          aria-required="true"
          id="mixers"
          maxLength="40"
          name="mixers-section"
          placeholder="Mixers..."
          type="text"
        />
      </div>
      <div
        className="field"
      >
        <AddDrink__BoozyInput
          aria-label="liqueur"
          aria-required="true"
          id="liqueurs"
          maxLength="40"
          name="liqueur-section"
          placeholder="Liqueurs..."
          type="text"
        />
      </div>
      <div
        className="field"
      >
        <AddDrink__BoozyInput
          aria-label="juice"
          aria-required="true"
          id="juices"
          maxLength="40"
          name="juices-section"
          placeholder="Juices..."
          type="text"
        />
      </div>
      <div
        className="field"
      >
        <AddDrink__BoozyInput
          aria-label="other"
          aria-required="true"
          id="other"
          maxLength="40"
          name="other-section"
          placeholder="Other..."
          type="text"
        />
      </div>
      <div
        className="field"
      >
        <textarea
          aria-label="instructions"
          id="instructions"
          maxLength="150"
          name="instructions-section"
          placeholder="instructions..."
          required={true}
          style={
            Object {
              "height": 60,
              "width": 260,
            }
          }
        />
      </div>
      <div
        className="buttons"
      >
        <AddDrink__Button
          to="/"
          type="submit"
        >
          Add drink
        </AddDrink__Button>
      </div>
    </AddDrink__BoozyForm>
  </div>
</BoozyError>
`;
